cancel=0
compact=1
with_context=0
plain_turn=0
steering=0
two_turns=0
snapshot=0
synthetic=0
unknown_tool=0
mixed_batch=0
one_tool_call=0
several_rounds=0
provider_error=0
dangling_call=0
two_tool_calls=0
truncated=2
retry_after=0
truncated_redump=2
plain_turn_prod=0
mixed_batch_prod=0
one_tool_call_prod=0
several_rounds_prod=0
provider_error_prod=0
two_tool_calls_prod=0
plain_turn_rows=0
one_tool_call_rows=0
several_rounds_rows=0
compact_rows=1
cancel_rows=0
with_context_rows=0
two_turns_rows=0
snapshot_rows=0
synthetic_rows=0
steering_rows=0
unknown_tool_rows=0
truncated_rows=2
truncated_redump_rows=2
mixed_batch_rows=0
retry_after_rows=0
provider_error_rows=0
dangling_call_rows=0
two_tool_calls_rows=0
verify_cadence_rows=0
verify_cadence_attended_rows=0
verify_cadence_forbidden_rows=0
exec_policy_rows=1
approval_refusal_rows=1
refused_call_started_rows=1
cc_hooks_absent_rows=0
cc_hooks_deny_rows=1
approval_write_outside_rows=2
